
Memory Configuration

Name             Origin             Length             Attributes
FLASH            0x08000000         0x00020000         xr
SRAM             0x20000000         0x00005000         xrw
*default*        0x00000000         0xffffffff

Linker script and memory map


.text           0x08000000      0x1fc
 *(.vectors*)
 .vectors       0x08000000       0x1c startup.o
                0x08000000                vectors
 *(.text*)
 .text          0x0800001c       0xd4 main.o
                0x0800001c                main
 .text          0x080000f0      0x10c startup.o
                0x080000f0                MM_Fault_Handler
                0x080000f0                Usage_Fault_Handler
                0x080000f0                Bus_Fault
                0x080000f0                Default_Handler
                0x080000f0                H_fault_Handler
                0x080000f0                NMI_Handler
                0x08000100                Reset_Handler
 *(.rodata)
                0x080001fc                _E_text = .

.glue_7         0x080001fc        0x0
 .glue_7        0x00000000        0x0 linker stubs

.glue_7t        0x080001fc        0x0
 .glue_7t       0x00000000        0x0 linker stubs

.vfp11_veneer   0x080001fc        0x0
 .vfp11_veneer  0x00000000        0x0 linker stubs

.v4_bx          0x080001fc        0x0
 .v4_bx         0x00000000        0x0 linker stubs

.iplt           0x080001fc        0x0
 .iplt          0x00000000        0x0 main.o

.rel.dyn        0x080001fc        0x0
 .rel.iplt      0x00000000        0x0 main.o

.data           0x20000000        0x4 load address 0x080001fc
                0x20000000                _S_DATA = .
 *(.data)
 .data          0x20000000        0x4 main.o
                0x20000000                pR_ODR
 .data          0x20000004        0x0 startup.o
                0x20000004                _E_DATA = .
                0x20000004                . = ALIGN (0x4)
                0x20000004                _E_DATA = .

.igot.plt       0x20000004        0x0 load address 0x08000200
 .igot.plt      0x00000000        0x0 main.o

.bss            0x20000004     0x1000 load address 0x08000200
                0x20000004                _S_bss = .
 *(.bss*)
 .bss           0x20000004        0x0 main.o
 .bss           0x20000004        0x0 startup.o
                0x20000004                _E_bss = .
                0x20000004                . = ALIGN (0x4)
                0x20001004                . = (. + 0x1000)
 *fill*         0x20000004     0x1000 
                0x20001004                _stack_top = .
LOAD main.o
LOAD startup.o
OUTPUT(TOGGLE_LED.elf elf32-littlearm)

.comment        0x00000000       0x11
 .comment       0x00000000       0x11 main.o
                                 0x12 (size before relaxing)
 .comment       0x00000000       0x12 startup.o

.ARM.attributes
                0x00000000       0x32
 .ARM.attributes
                0x00000000       0x32 main.o
 .ARM.attributes
                0x00000032       0x32 startup.o
